// Jest Snapshot v1, https://goo.gl/fbAQLP

exports[`App Component should match test snapshot 1`] = `
<div
  className="searchBar"
>
  <div
    className="mb-3 input-group"
  >
    <input
      className="searchInput form-control"
      onChange={[Function]}
      placeholder="Have a question? Search for answersâ€¦"
      type="text"
    />
  </div>
</div>
`;
